==============================================================================
suite: mnsched
python 3.14.4 CPython  gil=False  | stackweave fcontext-asm/epoll @ 
cpu: Intel(R) Xeon(R) Platinum 8280 CPU @ 2.70GHz  | 32 vCPU / 1 NUMA  | pinned=16 cpus [0..15]  aslr=2  load=3.86/4.68/3.10
tlbc: on (gc_frames_active=1, PYTHON_TLBC=None)  | build: -  | env: STACKWEAVE_TCPCONN_IOURING=1
==============================================================================
hubs: 4 (scaling: [1, 2, 4, 8, 16]), one fresh interpreter per entry

park/wake routing
  pingpong local-wake                  867424.5 ops/s      1152.8 ns/op  med= 115.284ms  rsd= 1.4%
  pingpong same-hub pinned             801785.2 ops/s      1247.2 ns/op  med= 124.722ms  rsd= 1.3%
  pingpong cross-hub pinned             69484.6 ops/s     14391.7 ns/op  med= 143.917ms  rsd= 1.8%
  pingpong cross-hub pinned drifted     69865.4 ops/s     14313.2 ns/op  med=  28.626ms  rsd= 2.4%
  pingpong cross-hub busy                 876.3 ops/s   1141215.2 ns/op  med=1141.215ms  rsd= 8.1%

throughput
  spawn noop mn_fiber                   70449.5 ops/s     14194.6 ns/op  med= 283.891ms  rsd= 1.6%
  spawn noop stackweave.fiber           69564.3 ops/s     14375.2 ns/op  med= 287.504ms  rsd= 4.0%
  yield 1000 fibers x200              6376563.3 ops/s       156.8 ns/op  med=  31.365ms  rsd= 2.7%
  64 pairs pingpong                   2867370.1 ops/s       348.8 ns/op  med=  44.640ms  rsd= 2.0%
  fan-out 1->32 buf64                 1033347.8 ops/s       967.7 ns/op  med=  96.773ms  rsd= 1.8%
  mutex 64 fibers contended           1208642.1 ops/s       827.4 ns/op  med= 105.904ms  rsd= 2.5%
  waitgroup fork-join 100x50            62183.4 ops/s     16081.5 ns/op  med=  80.407ms  rsd= 1.9%
  select 2 chans                       963701.3 ops/s      1037.7 ns/op  med=  51.883ms  rsd= 1.8%
  blocking() sleep(100us)               25846.9 ops/s     38689.3 ns/op  med= 123.806ms  rsd= 2.3%

scaling: 64 pairs pingpong
  64 pairs pingpong @1h                925192.0 ops/s      1080.9 ns/op  med= 138.350ms  rsd= 2.9%
  64 pairs pingpong @2h               1596465.6 ops/s       626.4 ns/op  med=  80.177ms  rsd= 1.8%
  64 pairs pingpong @4h               2886626.4 ops/s       346.4 ns/op  med=  44.342ms  rsd= 2.0%
  64 pairs pingpong @8h               4905423.9 ops/s       203.9 ns/op  med=  26.094ms  rsd= 3.9%
  64 pairs pingpong @16h              5761064.1 ops/s       173.6 ns/op  med=  22.218ms  rsd= 2.4%

latency
  foreign thread -> fiber wake       p50=    10.7us  p90=    13.8us  p99=    21.3us  max=     51.9us  n=4000
  cross-hub pinned wake              p50=     7.9us  p90=     8.6us  p99=    13.7us  max=    119.4us  n=4000
  spawn->run own hub                 p50=    12.6us  p90=    14.5us  p99=    23.2us  max=     97.3us  n=1000
  spawn->run remote idle hub         p50=    26.7us  p90=    34.4us  p99=    48.0us  max=    160.8us  n=1000
  spawn->run round-robin             p50=    33.0us  p90=    43.3us  p99=    61.8us  max=    157.8us  n=1000
  timer lateness 1ms                 p50=    56.5us  p90=   167.5us  p99=   798.4us  max=   1179.8us  n=10000

after a load
  spawn->run remote idle hub, after fork-join load p50=    20.7us  p90=    25.3us  p99=    37.4us  max=    223.5us  n=1000

  hubs      round-trips/s     vs 1h
  1h               925192     1.00x
  2h              1596466     1.73x
  4h              2886626     3.12x
  8h              4905424     5.30x
  16h             5761064     6.23x

wrote /root/sw/benchmark/bench/results/compare/20261009-070019-linux-c32/mnsched-cur-tcpconn-iouring-p1.json
