==============================================================================
suite: mnsched
python 3.14.4 CPython  gil=False  | stackweave fcontext-asm/epoll @ 
cpu: Intel(R) Xeon(R) Platinum 8280 CPU @ 2.70GHz  | 32 vCPU / 1 NUMA  | pinned=16 cpus [0..15]  aslr=2  load=1.71/0.85/0.33
tlbc: on (gc_frames_active=1, PYTHON_TLBC=None)  | build: -  | env: STACKWEAVE_TCPCONN_IOURING=1
==============================================================================
hubs: 4 (scaling: [1, 2, 4, 8, 16]), one fresh interpreter per entry

park/wake routing
  pingpong local-wake                  833169.2 ops/s      1200.2 ns/op  med= 120.024ms  rsd= 5.5%
  pingpong same-hub pinned             808270.0 ops/s      1237.2 ns/op  med= 123.721ms  rsd= 0.7%
  pingpong cross-hub pinned             69619.5 ops/s     14363.8 ns/op  med= 143.638ms  rsd= 1.0%
  pingpong cross-hub pinned drifted     69862.2 ops/s     14313.9 ns/op  med=  28.628ms  rsd= 1.8%
  pingpong cross-hub busy                 970.2 ops/s   1030758.7 ns/op  med=1030.759ms  rsd= 7.8%

throughput
  spawn noop mn_fiber                   78129.2 ops/s     12799.3 ns/op  med= 255.986ms  rsd= 1.7%
  spawn noop stackweave.fiber           67768.7 ops/s     14756.1 ns/op  med= 295.121ms  rsd= 5.0%
  yield 1000 fibers x200              6555325.6 ops/s       152.5 ns/op  med=  30.510ms  rsd= 1.5%
  64 pairs pingpong                   2935054.8 ops/s       340.7 ns/op  med=  43.611ms  rsd= 1.0%
  fan-out 1->32 buf64                 1022297.8 ops/s       978.2 ns/op  med=  97.819ms  rsd= 2.0%
  mutex 64 fibers contended           1209871.4 ops/s       826.5 ns/op  med= 105.796ms  rsd= 2.6%
  waitgroup fork-join 100x50            64800.6 ops/s     15432.0 ns/op  med=  77.160ms  rsd= 1.9%
  select 2 chans                       964082.9 ops/s      1037.3 ns/op  med=  51.863ms  rsd= 0.8%
  blocking() sleep(100us)               25569.3 ops/s     39109.3 ns/op  med= 125.150ms  rsd= 1.3%

scaling: 64 pairs pingpong
  64 pairs pingpong @1h                929680.3 ops/s      1075.6 ns/op  med= 137.682ms  rsd= 0.8%
  64 pairs pingpong @2h               1576074.0 ops/s       634.5 ns/op  med=  81.214ms  rsd= 0.7%
  64 pairs pingpong @4h               2942224.1 ops/s       339.9 ns/op  med=  43.505ms  rsd= 1.6%
  64 pairs pingpong @8h               4813862.3 ops/s       207.7 ns/op  med=  26.590ms  rsd= 3.1%
  64 pairs pingpong @16h              5521441.7 ops/s       181.1 ns/op  med=  23.182ms  rsd= 3.7%

latency
  foreign thread -> fiber wake       p50=    10.1us  p90=    11.2us  p99=    16.8us  max=     27.2us  n=4000
  cross-hub pinned wake              p50=     7.8us  p90=     8.2us  p99=    13.2us  max=     25.4us  n=4000
  spawn->run own hub                 p50=    12.8us  p90=    14.8us  p99=    28.2us  max=     98.3us  n=1000
  spawn->run remote idle hub         p50=    27.0us  p90=    35.0us  p99=    46.3us  max=    112.4us  n=1000
  spawn->run round-robin             p50=    31.9us  p90=    42.2us  p99=    56.9us  max=    132.2us  n=1000
  timer lateness 1ms                 p50=    50.5us  p90=   108.8us  p99=   322.8us  max=   1092.9us  n=10000

after a load
  spawn->run remote idle hub, after fork-join load p50=    19.9us  p90=    22.4us  p99=    34.1us  max=    100.5us  n=1000

  hubs      round-trips/s     vs 1h
  1h               929680     1.00x
  2h              1576074     1.70x
  4h              2942224     3.16x
  8h              4813862     5.18x
  16h             5521442     5.94x

wrote /root/sw/benchmark/bench/results/compare/20261009-070019-linux-c32/mnsched-cur-tcpconn-iouring-p0.json
