==============================================================================
suite: mnsched
python 3.14.4 CPython  gil=False  | stackweave fcontext-asm/epoll @ 
cpu: Intel(R) Xeon(R) Platinum 8280 CPU @ 2.70GHz  | 32 vCPU / 1 NUMA  | pinned=16 cpus [0..15]  aslr=2  load=2.18/1.26/0.54
tlbc: on (gc_frames_active=1, PYTHON_TLBC=None)  | build: -  | env: STACKWEAVE_IOURING_LOOP=1 STACKWEAVE_IOURING_MS=1 STACKWEAVE_IOURING_MS_BUFS=1024
==============================================================================
hubs: 4 (scaling: [1, 2, 4, 8, 16]), one fresh interpreter per entry

park/wake routing
  pingpong local-wake                  854770.4 ops/s      1169.9 ns/op  med= 116.990ms  rsd= 1.1%
  pingpong same-hub pinned             186438.4 ops/s      5363.7 ns/op  med= 536.370ms  rsd= 0.9%
  pingpong cross-hub pinned             47915.4 ops/s     20870.1 ns/op  med= 208.701ms  rsd= 1.4%
  pingpong cross-hub pinned drifted     46027.7 ops/s     21726.1 ns/op  med=  43.452ms  rsd= 1.9%
  pingpong cross-hub busy                 955.9 ops/s   1046184.5 ns/op  med=1046.185ms  rsd= 5.1%

throughput
  spawn noop mn_fiber                   76106.9 ops/s     13139.4 ns/op  med= 262.788ms  rsd= 1.7%
  spawn noop stackweave.fiber           61401.9 ops/s     16286.1 ns/op  med= 325.723ms  rsd= 5.2%
  yield 1000 fibers x200              6512390.8 ops/s       153.6 ns/op  med=  30.711ms  rsd= 1.0%
  64 pairs pingpong                   2875128.8 ops/s       347.8 ns/op  med=  44.520ms  rsd= 2.8%
  fan-out 1->32 buf64                  984509.1 ops/s      1015.7 ns/op  med= 101.573ms  rsd= 2.4%
  mutex 64 fibers contended           1409321.4 ops/s       709.6 ns/op  med=  90.824ms  rsd= 3.1%
  waitgroup fork-join 100x50            48486.6 ops/s     20624.2 ns/op  med= 103.121ms  rsd= 2.4%
  select 2 chans                       955813.5 ops/s      1046.2 ns/op  med=  52.311ms  rsd= 0.9%
  blocking() sleep(100us)               65239.9 ops/s     15328.0 ns/op  med=  49.050ms  rsd= 3.8%

scaling: 64 pairs pingpong
  64 pairs pingpong @1h                933011.0 ops/s      1071.8 ns/op  med= 137.190ms  rsd= 1.1%
  64 pairs pingpong @2h               1592766.5 ops/s       627.8 ns/op  med=  80.363ms  rsd= 0.5%
  64 pairs pingpong @4h               2870164.6 ops/s       348.4 ns/op  med=  44.597ms  rsd= 1.5%
  64 pairs pingpong @8h               4634930.6 ops/s       215.8 ns/op  med=  27.616ms  rsd= 3.1%
  64 pairs pingpong @16h              5436977.0 ops/s       183.9 ns/op  med=  23.542ms  rsd= 1.9%

latency
  foreign thread -> fiber wake       p50=    13.0us  p90=    16.2us  p99=    24.4us  max=    133.4us  n=4000
  cross-hub pinned wake              p50=    10.6us  p90=    11.6us  p99=    16.0us  max=     37.6us  n=4000
  spawn->run own hub                 p50=    13.5us  p90=    15.6us  p99=    24.1us  max=    143.1us  n=1000
  spawn->run remote idle hub         p50=    27.4us  p90=    33.4us  p99=    41.1us  max=    120.7us  n=1000
  spawn->run round-robin             p50=    35.2us  p90=    45.0us  p99=    60.6us  max=    172.5us  n=1000
  timer lateness 1ms                 p50=     7.8us  p90=    24.1us  p99=    53.1us  max=    152.5us  n=10000

after a load
  spawn->run remote idle hub, after fork-join load p50=    22.5us  p90=    26.3us  p99=    34.9us  max=     74.7us  n=1000

  hubs      round-trips/s     vs 1h
  1h               933011     1.00x
  2h              1592766     1.71x
  4h              2870165     3.08x
  8h              4634931     4.97x
  16h             5436977     5.83x

wrote /root/sw/benchmark/bench/results/compare/20261009-070019-linux-c32/mnsched-cur-iouring-loop-ms-p0.json
