==============================================================================
suite: mnsched
python 3.14.4 CPython  gil=False  | stackweave fcontext-asm/epoll @ 
cpu: Intel(R) Xeon(R) Platinum 8280 CPU @ 2.70GHz  | 32 vCPU / 1 NUMA  | pinned=16 cpus [0..15]  aslr=2  load=13.00/5.81/3.23
tlbc: on (gc_frames_active=1, PYTHON_TLBC=None)  | build: -  | env: STACKWEAVE_IOURING_LOOP=1 STACKWEAVE_IOURING_MS=1 STACKWEAVE_IOURING_MS_BUFS=1024
==============================================================================
hubs: 4 (scaling: [1, 2, 4, 8, 16]), one fresh interpreter per entry

park/wake routing
  pingpong local-wake                  883578.9 ops/s      1131.8 ns/op  med= 113.176ms  rsd= 0.5%
  pingpong same-hub pinned             188447.2 ops/s      5306.5 ns/op  med= 530.653ms  rsd= 0.9%
  pingpong cross-hub pinned             48599.0 ops/s     20576.6 ns/op  med= 205.766ms  rsd= 0.9%
  pingpong cross-hub pinned drifted     47200.4 ops/s     21186.3 ns/op  med=  42.373ms  rsd= 1.1%
  pingpong cross-hub busy                1019.1 ops/s    981242.4 ns/op  med= 981.242ms  rsd= 6.1%

throughput
  spawn noop mn_fiber                   66373.6 ops/s     15066.2 ns/op  med= 301.325ms  rsd= 1.0%
  spawn noop stackweave.fiber           67004.6 ops/s     14924.3 ns/op  med= 298.487ms  rsd= 5.6%
  yield 1000 fibers x200              6512758.8 ops/s       153.5 ns/op  med=  30.709ms  rsd= 0.8%
  64 pairs pingpong                   2944748.9 ops/s       339.6 ns/op  med=  43.467ms  rsd= 2.3%
  fan-out 1->32 buf64                 1000462.2 ops/s       999.5 ns/op  med=  99.954ms  rsd= 1.7%
  mutex 64 fibers contended           1474739.9 ops/s       678.1 ns/op  med=  86.795ms  rsd= 0.9%
  waitgroup fork-join 100x50            52483.8 ops/s     19053.5 ns/op  med=  95.268ms  rsd= 2.4%
  select 2 chans                       944730.6 ops/s      1058.5 ns/op  med=  52.925ms  rsd= 1.1%
  blocking() sleep(100us)               67785.0 ops/s     14752.5 ns/op  med=  47.208ms  rsd= 2.0%

scaling: 64 pairs pingpong
  64 pairs pingpong @1h                932892.2 ops/s      1071.9 ns/op  med= 137.208ms  rsd= 0.5%
  64 pairs pingpong @2h               1597958.5 ops/s       625.8 ns/op  med=  80.102ms  rsd= 1.2%
  64 pairs pingpong @4h               2884489.5 ops/s       346.7 ns/op  med=  44.375ms  rsd= 1.4%
  64 pairs pingpong @8h               4800233.4 ops/s       208.3 ns/op  med=  26.665ms  rsd= 2.0%
  64 pairs pingpong @16h              5481530.6 ops/s       182.4 ns/op  med=  23.351ms  rsd= 3.5%

latency
  foreign thread -> fiber wake       p50=    12.1us  p90=    15.5us  p99=    31.9us  max=     68.6us  n=4000
  cross-hub pinned wake              p50=    10.6us  p90=    11.4us  p99=    16.5us  max=     36.6us  n=4000
  spawn->run own hub                 p50=    13.2us  p90=    14.2us  p99=    23.3us  max=    101.5us  n=1000
  spawn->run remote idle hub         p50=    26.8us  p90=    33.0us  p99=    48.1us  max=    146.6us  n=1000
  spawn->run round-robin             p50=    34.2us  p90=    42.6us  p99=    51.3us  max=    151.6us  n=1000
  timer lateness 1ms                 p50=     7.8us  p90=    22.5us  p99=    71.3us  max=    147.4us  n=10000

after a load
  spawn->run remote idle hub, after fork-join load p50=    21.4us  p90=    23.6us  p99=    33.5us  max=     63.2us  n=1000

  hubs      round-trips/s     vs 1h
  1h               932892     1.00x
  2h              1597959     1.71x
  4h              2884490     3.09x
  8h              4800233     5.15x
  16h             5481531     5.88x

wrote /root/sw/benchmark/bench/results/compare/20261009-070019-linux-c32/mnsched-cur-iouring-loop-ms-p1.json
