==============================================================================
suite: mnsched
python 3.14.4 CPython  gil=False  | stackweave fcontext-asm/epoll @ 
cpu: Intel(R) Xeon(R) Platinum 8280 CPU @ 2.70GHz  | 32 vCPU / 1 NUMA  | pinned=16 cpus [0..15]  aslr=2  load=1.93/1.04/0.42
tlbc: on (gc_frames_active=1, PYTHON_TLBC=None)  | build: -  | env: STACKWEAVE_IOURING_LOOP=1 STACKWEAVE_IOURING_MS=0
==============================================================================
hubs: 4 (scaling: [1, 2, 4, 8, 16]), one fresh interpreter per entry

park/wake routing
  pingpong local-wake                  875997.9 ops/s      1141.6 ns/op  med= 114.156ms  rsd= 0.6%
  pingpong same-hub pinned             187346.6 ops/s      5337.7 ns/op  med= 533.770ms  rsd= 0.8%
  pingpong cross-hub pinned             48351.9 ops/s     20681.7 ns/op  med= 206.817ms  rsd= 2.9%
  pingpong cross-hub pinned drifted     48439.4 ops/s     20644.3 ns/op  med=  41.289ms  rsd= 1.0%
  pingpong cross-hub busy                 928.2 ops/s   1077346.6 ns/op  med=1077.347ms  rsd= 4.3%

throughput
  spawn noop mn_fiber                   82964.3 ops/s     12053.4 ns/op  med= 241.068ms  rsd= 1.4%
  spawn noop stackweave.fiber           67538.4 ops/s     14806.4 ns/op  med= 296.128ms  rsd= 5.1%
  yield 1000 fibers x200              6497512.4 ops/s       153.9 ns/op  med=  30.781ms  rsd= 1.5%
  64 pairs pingpong                   2874754.4 ops/s       347.9 ns/op  med=  44.526ms  rsd= 2.1%
  fan-out 1->32 buf64                 1003018.2 ops/s       997.0 ns/op  med=  99.699ms  rsd= 2.0%
  mutex 64 fibers contended           1448412.6 ops/s       690.4 ns/op  med=  88.373ms  rsd= 3.0%
  waitgroup fork-join 100x50            62617.0 ops/s     15970.1 ns/op  med=  79.851ms  rsd= 2.1%
  select 2 chans                       925130.6 ops/s      1080.9 ns/op  med=  54.046ms  rsd= 7.0%
  blocking() sleep(100us)               68053.9 ops/s     14694.2 ns/op  med=  47.022ms  rsd= 3.2%

scaling: 64 pairs pingpong
  64 pairs pingpong @1h                925741.6 ops/s      1080.2 ns/op  med= 138.268ms  rsd= 1.4%
  64 pairs pingpong @2h               1566684.4 ops/s       638.3 ns/op  med=  81.701ms  rsd= 1.7%
  64 pairs pingpong @4h               2927448.7 ops/s       341.6 ns/op  med=  43.724ms  rsd= 2.2%
  64 pairs pingpong @8h               4581230.1 ops/s       218.3 ns/op  med=  27.940ms  rsd= 5.0%
  64 pairs pingpong @16h              5677973.4 ops/s       176.1 ns/op  med=  22.543ms  rsd= 2.5%

latency
  foreign thread -> fiber wake       p50=    13.4us  p90=    16.3us  p99=    24.5us  max=     49.7us  n=4000
  cross-hub pinned wake              p50=    10.7us  p90=    11.7us  p99=    18.1us  max=    150.6us  n=4000
  spawn->run own hub                 p50=    13.7us  p90=    16.2us  p99=    27.9us  max=    123.4us  n=1000
  spawn->run remote idle hub         p50=    30.1us  p90=    40.6us  p99=    59.7us  max=    174.1us  n=1000
  spawn->run round-robin             p50=    35.1us  p90=    45.1us  p99=    64.0us  max=    139.6us  n=1000
  timer lateness 1ms                 p50=     7.9us  p90=    19.2us  p99=    46.4us  max=    114.0us  n=10000

after a load
  spawn->run remote idle hub, after fork-join load p50=    21.8us  p90=    27.0us  p99=    38.6us  max=     82.3us  n=1000

  hubs      round-trips/s     vs 1h
  1h               925742     1.00x
  2h              1566684     1.69x
  4h              2927449     3.16x
  8h              4581230     4.95x
  16h             5677973     6.13x

wrote /root/sw/benchmark/bench/results/compare/20261009-070019-linux-c32/mnsched-cur-iouring-loop-p0.json
