runtime: go go1.26.6  GOMAXPROCS=4 (scaling 1,2,4,8,16)

  pingpong local-wake                 2601519.3 ops/s       384.4 ns/op  med=  38.439ms  rsd= 6.3%
  spawn noop mn_fiber                 2925208.3 ops/s       341.9 ns/op  med=   6.837ms  rsd= 0.8%
  spawn noop stackweave.fiber         2925208.3 ops/s       341.9 ns/op  med=   6.837ms  rsd= 0.8%
  yield 1000 fibers x200              2587842.3 ops/s       386.4 ns/op  med=  77.284ms  rsd= 1.2%
  64 pairs pingpong                   4174497.2 ops/s       239.5 ns/op  med=  30.662ms  rsd= 5.3%
  fan-out 1->32 buf64                 3250219.5 ops/s       307.7 ns/op  med=  30.767ms  rsd= 3.2%
  mutex 64 fibers contended           8614451.9 ops/s       116.1 ns/op  med=  14.859ms  rsd= 4.2%
  waitgroup fork-join 100x50          2527569.5 ops/s       395.6 ns/op  med=   1.978ms  rsd= 2.5%
  select 2 chans                      3573509.1 ops/s       279.8 ns/op  med=  13.992ms  rsd= 0.6%
  blocking() sleep(100us)               32162.5 ops/s     31092.2 ns/op  med=  99.495ms  rsd= 3.8%
  64 pairs pingpong @1h               2410578.6 ops/s       414.8 ns/op  med=  53.099ms  rsd= 2.0%
  64 pairs pingpong @2h               2858878.6 ops/s       349.8 ns/op  med=  44.773ms  rsd= 3.6%
  64 pairs pingpong @4h               4424362.3 ops/s       226.0 ns/op  med=  28.931ms  rsd= 3.0%
  64 pairs pingpong @8h               7342691.2 ops/s       136.2 ns/op  med=  17.432ms  rsd= 3.3%
  64 pairs pingpong @16h             10986461.0 ops/s        91.0 ns/op  med=  11.651ms  rsd= 1.3%
  cross-hub pinned wake              p50=     0.6us  p90=     2.0us  p99=     2.9us  max=     24.2us  n=4000
  spawn->run round-robin             p50=     0.7us  p90=     2.3us  p99=     9.1us  max=     30.1us  n=1000
  timer lateness 1ms                 p50=   422.2us  p90=   765.1us  p99=  1221.0us  max=   1388.1us  n=10000

wrote /root/sw/benchmark/bench/results/compare/20261009-070019-linux-c32/mnsched-rt-go-p2.json
