==============================================================================
suite: mnsched
python 3.14.4 CPython  gil=False  | stackweave fcontext-asm/epoll @ 
cpu: Intel(R) Xeon(R) Platinum 8280 CPU @ 2.70GHz  | 32 vCPU / 1 NUMA  | pinned=16 cpus [0..15]  aslr=2  load=3.06/3.44/3.03
tlbc: on (gc_frames_active=1, PYTHON_TLBC=None)  | build: -  | env: STACKWEAVE_STACK_ARENA=1
==============================================================================
hubs: 4 (scaling: [1, 2, 4, 8, 16]), one fresh interpreter per entry

park/wake routing
  pingpong local-wake                  864858.3 ops/s      1156.3 ns/op  med= 115.626ms  rsd= 3.5%
  pingpong same-hub pinned             801655.0 ops/s      1247.4 ns/op  med= 124.742ms  rsd= 1.6%
  pingpong cross-hub pinned             69328.1 ops/s     14424.2 ns/op  med= 144.242ms  rsd= 1.7%
  pingpong cross-hub pinned drifted     67394.6 ops/s     14838.0 ns/op  med=  29.676ms  rsd= 2.0%
  pingpong cross-hub busy                 925.9 ops/s   1080035.6 ns/op  med=1080.036ms  rsd= 3.8%

throughput
  spawn noop mn_fiber                   72544.2 ops/s     13784.7 ns/op  med= 275.694ms  rsd= 1.6%
  spawn noop stackweave.fiber           66069.9 ops/s     15135.5 ns/op  med= 302.710ms  rsd= 3.2%
  yield 1000 fibers x200              6407145.2 ops/s       156.1 ns/op  med=  31.215ms  rsd= 2.6%
  64 pairs pingpong                   2910682.6 ops/s       343.6 ns/op  med=  43.976ms  rsd= 4.6%
  fan-out 1->32 buf64                 1035339.7 ops/s       965.9 ns/op  med=  96.587ms  rsd= 1.7%
  mutex 64 fibers contended           1208837.5 ops/s       827.2 ns/op  med= 105.887ms  rsd= 3.3%
  waitgroup fork-join 100x50            54269.7 ops/s     18426.5 ns/op  med=  92.132ms  rsd= 1.8%
  select 2 chans                       964517.0 ops/s      1036.8 ns/op  med=  51.839ms  rsd= 1.4%
  blocking() sleep(100us)               25522.5 ops/s     39181.1 ns/op  med= 125.379ms  rsd= 1.0%

scaling: 64 pairs pingpong
  64 pairs pingpong @1h                929053.3 ops/s      1076.4 ns/op  med= 137.775ms  rsd= 1.7%
  64 pairs pingpong @2h               1594137.8 ops/s       627.3 ns/op  med=  80.294ms  rsd= 1.9%
  64 pairs pingpong @4h               2904185.4 ops/s       344.3 ns/op  med=  44.074ms  rsd= 1.6%
  64 pairs pingpong @8h               4640314.5 ops/s       215.5 ns/op  med=  27.584ms  rsd= 4.7%
  64 pairs pingpong @16h              5726614.6 ops/s       174.6 ns/op  med=  22.352ms  rsd= 2.0%

latency
  foreign thread -> fiber wake       p50=    10.0us  p90=    11.6us  p99=    21.4us  max=     44.1us  n=4000
  cross-hub pinned wake              p50=     7.7us  p90=     8.3us  p99=     9.9us  max=     53.4us  n=4000
  spawn->run own hub                 p50=    12.5us  p90=    15.1us  p99=    21.0us  max=     85.5us  n=1000
  spawn->run remote idle hub         p50=    23.4us  p90=    29.8us  p99=    47.1us  max=    113.1us  n=1000
  spawn->run round-robin             p50=    27.4us  p90=    34.9us  p99=    47.6us  max=    107.7us  n=1000
  timer lateness 1ms                 p50=    43.3us  p90=   104.8us  p99=   214.4us  max=    462.1us  n=10000

after a load
  spawn->run remote idle hub, after fork-join load p50=    20.6us  p90=    24.0us  p99=    35.5us  max=    102.1us  n=1000

  hubs      round-trips/s     vs 1h
  1h               929053     1.00x
  2h              1594138     1.72x
  4h              2904185     3.13x
  8h              4640314     4.99x
  16h             5726615     6.16x

wrote /root/sw/benchmark/bench/results/compare/20261009-070019-linux-c32/mnsched-cur-stack-arena-p2.json
