==============================================================================
suite: mnsched
python 3.14.4 CPython  gil=False  | stackweave fcontext-asm/epoll @ 
cpu: Intel(R) Xeon(R) Platinum 8280 CPU @ 2.70GHz  | 32 vCPU / 1 NUMA  | pinned=16 cpus [0..15]  aslr=2  load=4.16/3.64/3.08
tlbc: on (gc_frames_active=1, PYTHON_TLBC=None)  | build: -  | env: -
==============================================================================
hubs: 4 (scaling: [1, 2, 4, 8, 16]), one fresh interpreter per entry

park/wake routing
  pingpong local-wake                  869972.3 ops/s      1149.5 ns/op  med= 114.946ms  rsd= 0.7%
  pingpong same-hub pinned             805048.0 ops/s      1242.2 ns/op  med= 124.216ms  rsd= 0.6%
  pingpong cross-hub pinned             68998.9 ops/s     14493.0 ns/op  med= 144.930ms  rsd= 1.7%
  pingpong cross-hub pinned drifted     69884.7 ops/s     14309.3 ns/op  med=  28.619ms  rsd= 1.3%
  pingpong cross-hub busy                 925.4 ops/s   1080658.9 ns/op  med=1080.659ms  rsd= 5.4%

throughput
  spawn noop mn_fiber                   72005.6 ops/s     13887.8 ns/op  med= 277.756ms  rsd= 1.0%
  spawn noop stackweave.fiber           57866.1 ops/s     17281.3 ns/op  med= 345.625ms  rsd= 7.6%
  yield 1000 fibers x200              6470996.5 ops/s       154.5 ns/op  med=  30.907ms  rsd= 1.5%
  64 pairs pingpong                   2943850.8 ops/s       339.7 ns/op  med=  43.480ms  rsd= 1.3%
  fan-out 1->32 buf64                 1032969.3 ops/s       968.1 ns/op  med=  96.808ms  rsd= 1.8%
  mutex 64 fibers contended           1235221.3 ops/s       809.6 ns/op  med= 103.625ms  rsd= 0.8%
  waitgroup fork-join 100x50            54979.0 ops/s     18188.8 ns/op  med=  90.944ms  rsd= 1.1%
  select 2 chans                       963955.3 ops/s      1037.4 ns/op  med=  51.870ms  rsd= 0.9%
  blocking() sleep(100us)               27123.7 ops/s     36868.1 ns/op  med= 117.978ms  rsd= 0.9%

scaling: 64 pairs pingpong
  64 pairs pingpong @1h                938013.2 ops/s      1066.1 ns/op  med= 136.459ms  rsd= 0.4%
  64 pairs pingpong @2h               1596620.3 ops/s       626.3 ns/op  med=  80.169ms  rsd= 2.8%
  64 pairs pingpong @4h               2902047.8 ops/s       344.6 ns/op  med=  44.107ms  rsd= 0.7%
  64 pairs pingpong @8h               4912189.9 ops/s       203.6 ns/op  med=  26.058ms  rsd= 2.0%
  64 pairs pingpong @16h              5917912.1 ops/s       169.0 ns/op  med=  21.629ms  rsd= 2.9%

latency
  foreign thread -> fiber wake       p50=    10.0us  p90=    11.2us  p99=    27.0us  max=     49.3us  n=4000
  cross-hub pinned wake              p50=     7.6us  p90=     8.1us  p99=     8.6us  max=     47.1us  n=4000
  spawn->run own hub                 p50=    12.5us  p90=    14.4us  p99=    22.2us  max=    105.8us  n=1000
  spawn->run remote idle hub         p50=    26.3us  p90=    33.9us  p99=    46.8us  max=    139.4us  n=1000
  spawn->run round-robin             p50=    32.1us  p90=    40.6us  p99=    52.8us  max=    113.0us  n=1000
  timer lateness 1ms                 p50=    46.1us  p90=    75.7us  p99=   111.4us  max=    198.9us  n=10000

after a load
  spawn->run remote idle hub, after fork-join load p50=    20.6us  p90=    26.5us  p99=    37.4us  max=     90.0us  n=1000

  hubs      round-trips/s     vs 1h
  1h               938013     1.00x
  2h              1596620     1.70x
  4h              2902048     3.09x
  8h              4912190     5.24x
  16h             5917912     6.31x

wrote /root/sw/benchmark/bench/results/compare/20261009-070019-linux-c32/mnsched-cur-default-p2.json
